// Jest Snapshot v1, https://goo.gl/fbAQLP

exports[`Header.vue  header.vue 快照 1`] = `<div class="header"><input type="text" test-data="input"></div>`;
